adama@diengpc:~/SmartCities$ mkdir Fiware
adama@diengpc:~/SmartCities$ cd Fiware/
adama@diengpc:~/SmartCities/Fiware$ git init
Dépôt Git vide initialisé dans /home/adama/SmartCities/Fiware/.git/
adama@diengpc:~/SmartCities/Fiware$ git remote add origin https://gitlab.nicecotedazur.org/SmartCities/Fiware.git
adama@diengpc:~/SmartCities/Fiware$ git add .
adama@diengpc:~/SmartCities/Fiware$ git config --global user.name "DIENG Adama"
adama@diengpc:~/SmartCities/Fiware$ git config --global user.email "adama.dieng@nicecotedazur.org"
adama@diengpc:~/SmartCities/Fiware$
adama@diengpc:~/SmartCities/Fiware$ git add .
adama@diengpc:~/SmartCities/Fiware$ git commit -m "Initialisation Depot Fiware"
Sur la branche master

Validation initiale

rien à valider
adama@diengpc:~/SmartCities/Fiware$ git push -u origin master
error: src refspec master does not match any.
error: impossible de pousser des références vers 'https://gitlab.nicecotedazur.org/SmartCities/Fiware.git'
adama@diengpc:~/SmartCities/Fiware$
adama@diengpc:~/SmartCities/Fiware$ git status
Sur la branche master

Validation initiale

rien à valider (créez/copiez des fichiers et utilisez "git add" pour les suivre)
adama@diengpc:~/SmartCities/Fiware$ git status
Sur la branche master

Validation initiale

Fichiers non suivis:
  (utilisez "git add <fichier>..." pour inclure dans ce qui sera validé)

	datamodels/

aucune modification ajoutée à la validation mais des fichiers non suivis sont présents (utilisez "git add" pour les suivre)
adama@diengpc:~/SmartCities/Fiware$ git add -A
adama@diengpc:~/SmartCities/Fiware$ git commit -m "Initialisation Depot Fiware - Datamodels"
[master (commit racine) 27f201e] Initialisation Depot Fiware - Datamodels
 74 files changed, 803 insertions(+)
 create mode 100644 datamodels/Fiware/.~lock.Presentation Fiware.pptx#
 create mode 100644 datamodels/Fiware/Data models FIWARE URL
 create mode 100644 datamodels/Fiware/OTC.txt
 create mode 100644 datamodels/Fiware/OTC/entries_boutiques.xml
 create mode 100644 datamodels/Fiware/OTC/entries_hebergement.xml
 create mode 100644 datamodels/Fiware/OTC/entries_hotels.xml
 create mode 100644 datamodels/Fiware/OTC/entries_restaurants.xml
 create mode 100644 datamodels/Fiware/OTC/entries_shopping.xml
 create mode 100644 datamodels/Fiware/OTC/entries_sorties.xml
 create mode 100644 datamodels/Fiware/OTC/entries_transports.xml
 create mode 100644 datamodels/Fiware/OTC/entries_utile.xml
 create mode 100644 datamodels/Fiware/OTC/entries_visites.xml
 create mode 100644 datamodels/Fiware/OTC/events_pro.xml
 create mode 100644 datamodels/Fiware/OTC/events_public.xml
 create mode 100644 datamodels/Fiware/PAV.txt
 create mode 100644 datamodels/Fiware/Presentation Fiware.pptx
 create mode 100644 datamodels/Fiware/Sensibel.json
 create mode 100644 datamodels/Fiware/Sensibel.txt
 create mode 100644 datamodels/Fiware/datamodelURL.txt
 create mode 100644 datamodels/OTC (copie)/entries_boutiques.xml
 create mode 100644 datamodels/OTC (copie)/entries_hebergement.xml
 create mode 100644 datamodels/OTC (copie)/entries_hotels.xml
 create mode 100644 datamodels/OTC (copie)/entries_restaurants.xml
 create mode 100644 datamodels/OTC (copie)/entries_shopping.xml
 create mode 100644 datamodels/OTC (copie)/entries_sorties.xml
 create mode 100644 datamodels/OTC (copie)/entries_transports.xml
 create mode 100644 datamodels/OTC (copie)/entries_utile.xml
 create mode 100644 datamodels/OTC (copie)/entries_visites.xml
 create mode 100644 datamodels/OTC (copie)/events_pro.xml
 create mode 100644 datamodels/OTC (copie)/events_public.xml
 create mode 100644 datamodels/OTC/entries_boutiques.xml
 create mode 100644 datamodels/OTC/entries_hebergement.xml
 create mode 100644 datamodels/OTC/entries_hotels.xml
 create mode 100644 datamodels/OTC/entries_restaurants.xml
 create mode 100644 datamodels/OTC/entries_shopping.xml
 create mode 100644 datamodels/OTC/entries_sorties.xml
 create mode 100644 datamodels/OTC/entries_transports.xml
 create mode 100644 datamodels/OTC/entries_utile.xml
 create mode 100644 datamodels/OTC/entries_visites.xml
 create mode 100644 datamodels/OTC/events_pro.xml
 create mode 100644 datamodels/OTC/events_public.xml
 create mode 100644 datamodels/WasteContainerIsle.json
 create mode 100644 datamodels/examples/AirQualityObserved.json
 create mode 100644 datamodels/examples/Beach.json
 create mode 100644 datamodels/examples/BikeHireDockingStation.json
 create mode 100644 datamodels/examples/Device.json
 create mode 100644 datamodels/examples/FlowerBed.json
 create mode 100644 datamodels/examples/Garden.json
 create mode 100644 datamodels/examples/GreenspaceRecord.json
 create mode 100644 datamodels/examples/KeyPerformanceIndicator.json
 create mode 100644 datamodels/examples/Museum.json
 create mode 100644 datamodels/examples/OffStreetParking.json
 create mode 100644 datamodels/examples/OnStreetParking.json
 create mode 100644 datamodels/examples/ParkingAccess.json
 create mode 100644 datamodels/examples/ParkingGroup.json
 create mode 100644 datamodels/examples/ParkingSpot.json
 create mode 100644 datamodels/examples/PointOfInterest.json
 create mode 100644 datamodels/examples/Road.json
 create mode 100644 datamodels/examples/RoadSegment.json
 create mode 100644 datamodels/examples/SmartPointOfInteraction.json
 create mode 100644 datamodels/examples/SmartSpot.json
 create mode 100644 datamodels/examples/Streetlight.json
 create mode 100644 datamodels/examples/StreetlightControlCabinet.json
 create mode 100644 datamodels/examples/StreetlightGroup.json
 create mode 100644 datamodels/examples/StreetlightModel.json
 create mode 100644 datamodels/examples/TrafficFlowObserved.json
 create mode 100644 datamodels/examples/Vehicle.json
 create mode 100644 datamodels/examples/VehicleModel.json
 create mode 100644 datamodels/examples/WasteContainer.json
 create mode 100644 datamodels/examples/WasteContainerModel.json
 create mode 100644 datamodels/examples/WaterQualityObserved.json
 create mode 100644 datamodels/examples/WeatherAlarm.json
 create mode 100644 datamodels/examples/WeatherForecast.json
 create mode 100644 datamodels/examples/WeatherObserved.json
adama@diengpc:~/SmartCities/Fiware$ git push -u origin master
fatal: unable to access 'https://gitlab.nicecotedazur.org/SmartCities/Fiware.git/': server certificate verification failed. CAfile: /etc/ssl/certs/ca-certificates.crt CRLfile: none
adama@diengpc:~/SmartCities/Fiware$
adama@diengpc:~/SmartCities/Fiware$ git status
Sur la branche master
rien à valider, la copie de travail est propre
adama@diengpc:~/SmartCities/Fiware$ ls
datamodels
adama@diengpc:~/SmartCities/Fiware$ touch doc.txt
adama@diengpc:~/SmartCities/Fiware$ git status
Sur la branche master
Fichiers non suivis:
  (utilisez "git add <fichier>..." pour inclure dans ce qui sera validé)

	doc.txt

aucune modification ajoutée à la validation mais des fichiers non suivis sont présents (utilisez "git add" pour les suivre)
adama@diengpc:~/SmartCities/Fiware$ git add -A
adama@diengpc:~/SmartCities/Fiware$ git commit -m "Initialisation Depot Fiware - Datamodels"
[master c6e1b2a] Initialisation Depot Fiware - Datamodels
 1 file changed, 0 insertions(+), 0 deletions(-)
 create mode 100644 doc.txt
adama@diengpc:~/SmartCities/Fiware$ git push
warning: push.default n'est pas défini ; sa valeur implicite a changé dans Git 2.0
de 'matching' vers 'simple'. Pour supprimer ce message et maintenir
le comportement actuel après la modification de la valeur de défaut, utilisez :

  git config --global push.default matching

Pour supprimer ce message et adopter le nouveau comportement maintenant, utilisez :

  git config --global push.default simple

Quand push.default vaudra 'matching', git poussera les branches locales
sur les branches distantes qui existent déjà avec le même nom.

Depuis Git 2.0, Git utilise par défaut le comportement plus conservatif 'simple'
qui ne pousse la branche courante que vers la branche distante correspondante
que 'git pull' utilise pour mettre à jour la branche courante.

Voir 'git help config' et chercher 'push.default' pour plus d'information.
(le mode 'simple' a été introduit dans Git 1.7.11. Utilisez le mode similaire
'current' au lieu de 'simple' si vous utilisez de temps en temps d'anciennes versions de Git)

fatal: La branche courante master n'a pas de branche amont.
Pour pousser la branche courante et définir la distante comme amont, utilisez

    git push --set-upstream origin master

adama@diengpc:~/SmartCities/Fiware$ git push -u origin master
fatal: unable to access 'https://gitlab.nicecotedazur.org/SmartCities/Fiware.git/': server certificate verification failed. CAfile: /etc/ssl/certs/ca-certificates.crt CRLfile: none
adama@diengpc:~/SmartCities/Fiware$ ls ~/.ssh
known_hosts
adama@diengpc:~/SmartCities/Fiware$ cd
adama@diengpc:~$
adama@diengpc:~$
adama@diengpc:~$
adama@diengpc:~$ ls
ATOS    commandesDocker.doc  Documents  eclipse-installer  examples.desktop  img orange  jdk1.8.0_144  Modèles  Musique  ngsi-sdk-python  PROJET   Public           SmartCities      Vidéos          vmware
Bureau  deja-dup             eclipse    eclipse-workspace  Images            J2EE        jre1.8.0_144  MQTT     NCA      ORANGE           PROXIAD  PycharmProjects  Téléchargements  VirtualBox VMs  VSphere
adama@diengpc:~$ nano ~/.ssh/id_rsa.pub
adama@diengpc:~$ ssh gitlab.nicecotedazur.org
^C
adama@diengpc:~$ mkdir Smart
adama@diengpc:~$ cd Smart
adama@diengpc:~/Smart$ git clone git@gitlab.nicecotedazur.org:SmartCities/Fiware.git
Clonage dans 'Fiware'...
ssh: connect to host gitlab.nicecotedazur.org port 22: Connection timed out
fatal: Could not read from remote repository.

Please make sure you have the correct access rights
and the repository exists.
adama@diengpc:~/Smart$
adama@diengpc:~/Smart$
adama@diengpc:~/Smart$
adama@diengpc:~/Smart$
adama@diengpc:~/Smart$ ssh-keygen
Generating public/private rsa key pair.
Enter file in which to save the key (/home/adama/.ssh/id_rsa):
Enter passphrase (empty for no passphrase):
Enter same passphrase again:
Your identification has been saved in /home/adama/.ssh/id_rsa.
Your public key has been saved in /home/adama/.ssh/id_rsa.pub.
The key fingerprint is:
SHA256:zGhgRHKqFCK76StHJp5Vw+41P2dJQi7t/gsv9RB4t2E adama@diengpc
The key's randomart image is:
+---[RSA 2048]----+
|o...+            |
|o..=             |
|... +     .      |
|.+ . = + o o E   |
|+   o + S . + o  |
|o o. o + + + .   |
|.=o . . =.+ +    |
|.oo  .   =o+ .   |
|.o      ..*+.    |
+----[SHA256]-----+
adama@diengpc:~/Smart$ sudo nano /etc/ssh/ssh_config
[sudo] Mot de passe de root :
adama@diengpc:~/Smart$ git clone git@gitlab.nicecotedazur.org:SmartCities/Fiware.git
Clonage dans 'Fiware'...
^C
adama@diengpc:~/Smart$ cat ~/.ssh/id_rsa.pub
ssh-rsa AAAAB3NzaC1yc2EAAAADAQABAAABAQDbENVwRAfRf/zTkRRAeSgE+FeVWaXMtRSCpVbnSYxY65U2uUigOuf4b+SP1WOWl6yLrJ6WmNk2z03k2dazQ9Xag6Q09n1f1ZiBwrLQNE4nVdhEXnRynEb9Q6jc9+wgJPsyok82EtiNG3rbzX0wtwQ2iOpDV2LWLEsXuF3l+XE03VKm8aE5XsNwGuPqG7zU8i7KO9aZAU7oeA8U2l7wMWnnaXF+SV03Zqq0jH5/3ls/GUeVMIXntV0QTDXxhWKQerkJ5LxwBo14wUBmzKiWOPylA7lWJXyomzsNpjc3jWClrpxFQ1jc59InHFXjr5WS8hkATA73nnNf8ZcARU7WcnYX adama@diengpc
adama@diengpc:~/Smart$ ssh gitlab.nicecotedazur.org
^C
adama@diengpc:~/Smart$ git clone git@gitlab.nicecotedazur.org:SmartCities/Fiware.git
Clonage dans 'Fiware'...
^C
adama@diengpc:~/Smart$ cat ~/.ssh/id_rsa.pub | ssh P_ADATOS@gitlab.nicecotedazur.org "cat - >> ~/.ssh/authorized_keys"
^C
adama@diengpc:~/Smart$ cat ~/.ssh/id_rsa.pub | ssh git@gitlab.nicecotedazur.org "cat - >> ~/.ssh/authorized_keys"
^C
adama@diengpc:~/Smart$
adama@diengpc:~/Smart$
adama@diengpc:~/Smart$ ssh -X P_ADATOS@16-U0117
ssh: connect to host 16-u0117 port 22: Connection timed out
adama@diengpc:~/Smart$ LS
*Le programme « LS » n'est pas encore installé. Vous pouvez l'installer en tapant :
sudo apt install sl
adama@diengpc:~/Smart$ *ls
La commande « *ls » est introuvable, vouliez-vous dire :
 La commande « jls » du paquet « sleuthkit » (universe)
 La commande « hls » du paquet « hfsutils » (main)
 La commande « ols » du paquet « speech-tools » (universe)
 La commande « als » du paquet « atool » (universe)
 La commande « ils » du paquet « sleuthkit » (universe)
 La commande « ls » du paquet « coreutils » (main)
 La commande « fls » du paquet « sleuthkit » (universe)
 La commande « bls » du paquet « bacula-sd » (universe)
 La commande « bls » du paquet « bareos-tools » (universe)
*ls : commande introuvable
adama@diengpc:~/Smart$ ls
adama@diengpc:~/Smart$
adama@diengpc:~/Smart$
adama@diengpc:~/Smart$
adama@diengpc:~/Smart$
adama@diengpc:~/Smart$
adama@diengpc:~/Smart$
adama@diengpc:~/Smart$ ls
adama@diengpc:~/Smart$ sudo ifconfig
[sudo] Mot de passe de root :
docker0   Link encap:Ethernet  HWaddr 02:42:6d:00:32:c1
          inet adr:172.17.0.1  Bcast:0.0.0.0  Masque:255.255.0.0
          UP BROADCAST MULTICAST  MTU:1500  Metric:1
          Packets reçus:0 erreurs:0 :0 overruns:0 frame:0
          TX packets:0 errors:0 dropped:0 overruns:0 carrier:0
          collisions:0 lg file transmission:0
          Octets reçus:0 (0.0 B) Octets transmis:0 (0.0 B)

docker_gwbridge Link encap:Ethernet  HWaddr 02:42:46:07:2c:11
          inet adr:172.18.0.1  Bcast:0.0.0.0  Masque:255.255.0.0
          UP BROADCAST MULTICAST  MTU:1500  Metric:1
          Packets reçus:0 erreurs:0 :0 overruns:0 frame:0
          TX packets:0 errors:0 dropped:0 overruns:0 carrier:0
          collisions:0 lg file transmission:0
          Octets reçus:0 (0.0 B) Octets transmis:0 (0.0 B)

enp2s0f1  Link encap:Ethernet  HWaddr 98:29:a6:2e:87:93
          UP BROADCAST MULTICAST  MTU:1500  Metric:1
          Packets reçus:0 erreurs:0 :0 overruns:0 frame:0
          TX packets:0 errors:0 dropped:0 overruns:0 carrier:0
          collisions:0 lg file transmission:1000
          Octets reçus:0 (0.0 B) Octets transmis:0 (0.0 B)

lo        Link encap:Boucle locale
          inet adr:127.0.0.1  Masque:255.0.0.0
          adr inet6: ::1/128 Scope:Hôte
          UP LOOPBACK RUNNING  MTU:65536  Metric:1
          Packets reçus:19928 erreurs:0 :0 overruns:0 frame:0
          TX packets:19928 errors:0 dropped:0 overruns:0 carrier:0
          collisions:0 lg file transmission:1000
          Octets reçus:4234452 (4.2 MB) Octets transmis:4234452 (4.2 MB)

vmnet1    Link encap:Ethernet  HWaddr 00:50:56:c0:00:01
          inet adr:192.168.131.1  Bcast:192.168.131.255  Masque:255.255.255.0
          adr inet6: fe80::250:56ff:fec0:1/64 Scope:Lien
          UP BROADCAST RUNNING MULTICAST  MTU:1500  Metric:1
          Packets reçus:0 erreurs:0 :0 overruns:0 frame:0
          TX packets:1515 errors:0 dropped:0 overruns:0 carrier:0
          collisions:0 lg file transmission:1000
          Octets reçus:0 (0.0 B) Octets transmis:0 (0.0 B)

vmnet8    Link encap:Ethernet  HWaddr 00:50:56:c0:00:08
          inet adr:172.16.244.1  Bcast:172.16.244.255  Masque:255.255.255.0
          adr inet6: fe80::250:56ff:fec0:8/64 Scope:Lien
          UP BROADCAST RUNNING MULTICAST  MTU:1500  Metric:1
          Packets reçus:0 erreurs:0 :0 overruns:0 frame:0
          TX packets:1506 errors:0 dropped:0 overruns:0 carrier:0
          collisions:0 lg file transmission:1000
          Octets reçus:0 (0.0 B) Octets transmis:0 (0.0 B)

wlp3s0    Link encap:Ethernet  HWaddr b0:35:9f:3a:7a:3c
          adr inet6: 2a01:e35:8b25:e550:305a:bedf:539a:ad5b/64 Scope:Global
          adr inet6: 2a01:e35:8b25:e550:6354:72db:1356:7f5/64 Scope:Global
          adr inet6: fe80::6c7:212f:4a13:8ff9/64 Scope:Lien
          UP BROADCAST RUNNING MULTICAST  MTU:1500  Metric:1
          Packets reçus:361878 erreurs:0 :0 overruns:0 frame:0
          TX packets:165404 errors:0 dropped:0 overruns:0 carrier:0
          collisions:0 lg file transmission:1000
          Octets reçus:447737408 (447.7 MB) Octets transmis:38106994 (38.1 MB)

adama@diengpc:~/Smart$
adama@diengpc:~/Smart$
adama@diengpc:~/Smart$
adama@diengpc:~/Smart$ sudo pip install django >=1.9
[sudo] Mot de passe de root :
The directory '/home/adama/.cache/pip/http' or its parent directory is not owned by the current user and the cache has been disabled. Please check the permissions and owner of that directory. If executing pip with sudo, you may want sudo's -H flag.
The directory '/home/adama/.cache/pip' or its parent directory is not owned by the current user and caching wheels has been disabled. check the permissions and owner of that directory. If executing pip with sudo, you may want sudo's -H flag.
adama@diengpc:~/Smart$ fish
Bienvenue dans fish, le shell amical et interactif
Tappez help pour des instructions sur l'utilisation de fish
adama@diengpc ~/Smart> sudo pip install -U django-crispy-forms >=1.6.0
The directory '/home/adama/.cache/pip/http' or its parent directory is not owned by the current user and the cache has been disabled. Please check the permissions and owner of that directory. If executing pip with sudo, you may want sudo's -H flag.
The directory '/home/adama/.cache/pip' or its parent directory is not owned by the current user and caching wheels has been disabled. check the permissions and owner of that directory. If executing pip with sudo, you may want sudo's -H flag.
adama@diengpc ~/Smart> sudo pip install -U django-crispy-forms
The directory '/home/adama/.cache/pip/http' or its parent directory is not owned by the current user and the cache has been disabled. Please check the permissions and owner of that directory. If executing pip with sudo, you may want sudo's -H flag.
The directory '/home/adama/.cache/pip' or its parent directory is not owned by the current user and caching wheels has been disabled. check the permissions and owner of that directory. If executing pip with sudo, you may want sudo's -H flag.
Requirement already up-to-date: django-crispy-forms in /usr/local/lib/python3.5/dist-packages
adama@diengpc ~/Smart> sudo pip3.5 install -U django-crispy-forms
The directory '/home/adama/.cache/pip/http' or its parent directory is not owned by the current user and the cache has been disabled. Please check the permissions and owner of that directory. If executing pip with sudo, you may want sudo's -H flag.
The directory '/home/adama/.cache/pip' or its parent directory is not owned by the current user and caching wheels has been disabled. check the permissions and owner of that directory. If executing pip with sudo, you may want sudo's -H flag.
Requirement already up-to-date: django-crispy-forms in /usr/local/lib/python3.5/dist-packages
adama@diengpc ~/Smart> sudo pip2.7 install -U django-crispy-forms
The directory '/home/adama/.cache/pip/http' or its parent directory is not owned by the current user and the cache has been disabled. Please check the permissions and owner of that directory. If executing pip with sudo, you may want sudo's -H flag.
The directory '/home/adama/.cache/pip' or its parent directory is not owned by the current user and caching wheels has been disabled. check the permissions and owner of that directory. If executing pip with sudo, you may want sudo's -H flag.
Requirement already up-to-date: django-crispy-forms in /usr/local/lib/python2.7/dist-packages
adama@diengpc ~/Smart> sudo pip2.7 install xlwt
The directory '/home/adama/.cache/pip/http' or its parent directory is not owned by the current user and the cache has been disabled. Please check the permissions and owner of that directory. If executing pip with sudo, you may want sudo's -H flag.
The directory '/home/adama/.cache/pip' or its parent directory is not owned by the current user and caching wheels has been disabled. check the permissions and owner of that directory. If executing pip with sudo, you may want sudo's -H flag.
Collecting xlwt
  Downloading xlwt-1.3.0-py2.py3-none-any.whl (99kB)
    100% |████████████████████████████████| 102kB 799kB/s
Installing collected packages: xlwt
Successfully installed xlwt-1.3.0
adama@diengpc ~/Smart> sudo pip2.7 install xlsxwriter
The directory '/home/adama/.cache/pip/http' or its parent directory is not owned by the current user and the cache has been disabled. Please check the permissions and owner of that directory. If executing pip with sudo, you may want sudo's -H flag.
The directory '/home/adama/.cache/pip' or its parent directory is not owned by the current user and caching wheels has been disabled. check the permissions and owner of that directory. If executing pip with sudo, you may want sudo's -H flag.
Collecting xlsxwriter
  Downloading XlsxWriter-1.0.2-py2.py3-none-any.whl (139kB)
    100% |████████████████████████████████| 143kB 1.3MB/s
Installing collected packages: xlsxwriter
Successfully installed xlsxwriter-1.0.2
adama@diengpc ~/Smart> sudo pip2.7 install django-admin-xtra-widgets
The directory '/home/adama/.cache/pip/http' or its parent directory is not owned by the current user and the cache has been disabled. Please check the permissions and owner of that directory. If executing pip with sudo, you may want sudo's -H flag.
The directory '/home/adama/.cache/pip' or its parent directory is not owned by the current user and caching wheels has been disabled. check the permissions and owner of that directory. If executing pip with sudo, you may want sudo's -H flag.
Collecting django-admin-xtra-widgets
  Downloading django-admin-xtra-widgets-0.1.1.tar.gz
Installing collected packages: django-admin-xtra-widgets
  Running setup.py install for django-admin-xtra-widgets ... done
Successfully installed django-admin-xtra-widgets-0.1.1
adama@diengpc ~/Smart> sudo pip2.7 install django-otto-admin
The directory '/home/adama/.cache/pip/http' or its parent directory is not owned by the current user and the cache has been disabled. Please check the permissions and owner of that directory. If executing pip with sudo, you may want sudo's -H flag.
The directory '/home/adama/.cache/pip' or its parent directory is not owned by the current user and caching wheels has been disabled. check the permissions and owner of that directory. If executing pip with sudo, you may want sudo's -H flag.
Collecting django-otto-admin
  Downloading django_otto_admin-0.1.2-py2-none-any.whl
Collecting google-api-python-client (from django-otto-admin)
  Downloading google_api_python_client-1.6.4-py2.py3-none-any.whl (53kB)
    100% |████████████████████████████████| 61kB 1.1MB/s
Collecting django-suit (from django-otto-admin)
  Downloading django-suit-0.2.25.tar.gz (2.0MB)
    100% |████████████████████████████████| 2.0MB 395kB/s
Collecting oauth2client==1.5.2 (from django-otto-admin)
  Downloading oauth2client-1.5.2.tar.gz (56kB)
    100% |████████████████████████████████| 61kB 1.2MB/s
Requirement already satisfied: Django in /usr/local/lib/python2.7/dist-packages (from django-otto-admin)
Requirement already satisfied: six<2dev,>=1.6.1 in /usr/local/lib/python2.7/dist-packages (from google-api-python-client->django-otto-admin)
Collecting uritemplate<4dev,>=3.0.0 (from google-api-python-client->django-otto-admin)
  Downloading uritemplate-3.0.0-py2.py3-none-any.whl
Requirement already satisfied: httplib2<1dev,>=0.9.2 in /usr/local/lib/python2.7/dist-packages (from google-api-python-client->django-otto-admin)
Requirement already satisfied: pyasn1>=0.1.7 in /usr/lib/python2.7/dist-packages (from oauth2client==1.5.2->django-otto-admin)
Collecting pyasn1-modules>=0.0.5 (from oauth2client==1.5.2->django-otto-admin)
  Downloading pyasn1_modules-0.1.5-py2.py3-none-any.whl (60kB)
    100% |████████████████████████████████| 61kB 1.2MB/s
Collecting rsa>=3.1.4 (from oauth2client==1.5.2->django-otto-admin)
  Downloading rsa-3.4.2-py2.py3-none-any.whl (46kB)
    100% |████████████████████████████████| 51kB 1.1MB/s
Requirement already satisfied: pytz in /usr/local/lib/python2.7/dist-packages (from Django->django-otto-admin)
Installing collected packages: uritemplate, pyasn1-modules, rsa, oauth2client, google-api-python-client, django-suit, django-otto-admin
  Running setup.py install for oauth2client ... done
  Running setup.py install for django-suit ... done
Successfully installed django-otto-admin-0.1.2 django-suit-0.2.25 google-api-python-client-1.6.4 oauth2client-1.5.2 pyasn1-modules-0.1.5 rsa-3.4.2 uritemplate-3.0.0
adama@diengpc ~/Smart> sudo pip2.7 install django-extrawidgets
The directory '/home/adama/.cache/pip/http' or its parent directory is not owned by the current user and the cache has been disabled. Please check the permissions and owner of that directory. If executing pip with sudo, you may want sudo's -H flag.
The directory '/home/adama/.cache/pip' or its parent directory is not owned by the current user and caching wheels has been disabled. check the permissions and owner of that directory. If executing pip with sudo, you may want sudo's -H flag.
Collecting django-extrawidgets
  Downloading django-extrawidgets-1.tar.gz
Installing collected packages: django-extrawidgets
  Running setup.py install for django-extrawidgets ... done
Successfully installed django-extrawidgets-1
adama@diengpc ~/Smart> sudo pip2.7 install Django-Linked-Select2
The directory '/home/adama/.cache/pip/http' or its parent directory is not owned by the current user and the cache has been disabled. Please check the permissions and owner of that directory. If executing pip with sudo, you may want sudo's -H flag.
The directory '/home/adama/.cache/pip' or its parent directory is not owned by the current user and caching wheels has been disabled. check the permissions and owner of that directory. If executing pip with sudo, you may want sudo's -H flag.
Collecting Django-Linked-Select2
  Downloading Django-Linked-Select2-0.7.1.tar.gz
Collecting Django-Select2>=5.8.6 (from Django-Linked-Select2)
  Downloading Django-Select2-5.11.1.tar.gz
Collecting django-appconf>=0.6.0 (from Django-Select2>=5.8.6->Django-Linked-Select2)
  Downloading django_appconf-1.0.2-py2.py3-none-any.whl
Installing collected packages: django-appconf, Django-Select2, Django-Linked-Select2
  Running setup.py install for Django-Select2 ... done
  Running setup.py install for Django-Linked-Select2 ... done
Successfully installed Django-Linked-Select2-0.7.1 Django-Select2-5.11.1 django-appconf-1.0.2
adama@diengpc ~/Smart> sudo pip2.7 install django.forms.widgets
The directory '/home/adama/.cache/pip/http' or its parent directory is not owned by the current user and the cache has been disabled. Please check the permissions and owner of that directory. If executing pip with sudo, you may want sudo's -H flag.
The directory '/home/adama/.cache/pip' or its parent directory is not owned by the current user and caching wheels has been disabled. check the permissions and owner of that directory. If executing pip with sudo, you may want sudo's -H flag.
Collecting django.forms.widgets
  Could not find a version that satisfies the requirement django.forms.widgets (from versions: )
No matching distribution found for django.forms.widgets
adama@diengpc ~/Smart> sudo pip2.7 install django-forms-widgets
The directory '/home/adama/.cache/pip/http' or its parent directory is not owned by the current user and the cache has been disabled. Please check the permissions and owner of that directory. If executing pip with sudo, you may want sudo's -H flag.
The directory '/home/adama/.cache/pip' or its parent directory is not owned by the current user and caching wheels has been disabled. check the permissions and owner of that directory. If executing pip with sudo, you may want sudo's -H flag.
Collecting django-forms-widgets
  Could not find a version that satisfies the requirement django-forms-widgets (from versions: )
No matching distribution found for django-forms-widgets
adama@diengpc ~/Smart> sudo pip2.7 install django-forms
The directory '/home/adama/.cache/pip/http' or its parent directory is not owned by the current user and the cache has been disabled. Please check the permissions and owner of that directory. If executing pip with sudo, you may want sudo's -H flag.
The directory '/home/adama/.cache/pip' or its parent directory is not owned by the current user and caching wheels has been disabled. check the permissions and owner of that directory. If executing pip with sudo, you may want sudo's -H flag.
Collecting django-forms
  Could not find a version that satisfies the requirement django-forms (from versions: )
No matching distribution found for django-forms
adama@diengpc ~/Smart> sudo pip2.7 install forms-widgets
The directory '/home/adama/.cache/pip/http' or its parent directory is not owned by the current user and the cache has been disabled. Please check the permissions and owner of that directory. If executing pip with sudo, you may want sudo's -H flag.
The directory '/home/adama/.cache/pip' or its parent directory is not owned by the current user and caching wheels has been disabled. check the permissions and owner of that directory. If executing pip with sudo, you may want sudo's -H flag.
Collecting forms-widgets
  Could not find a version that satisfies the requirement forms-widgets (from versions: )
No matching distribution found for forms-widgets
adama@diengpc ~/Smart> sudo pip2.7 install django-xadmin-extras
The directory '/home/adama/.cache/pip/http' or its parent directory is not owned by the current user and the cache has been disabled. Please check the permissions and owner of that directory. If executing pip with sudo, you may want sudo's -H flag.
The directory '/home/adama/.cache/pip' or its parent directory is not owned by the current user and caching wheels has been disabled. check the permissions and owner of that directory. If executing pip with sudo, you may want sudo's -H flag.
Collecting django-xadmin-extras
  Downloading django-xadmin-extras-0.15.tar.gz
Installing collected packages: django-xadmin-extras
  Running setup.py install for django-xadmin-extras ... done
Successfully installed django-xadmin-extras-0.15
adama@diengpc ~/Smart> sudo pip2.7 install django-xadmin
The directory '/home/adama/.cache/pip/http' or its parent directory is not owned by the current user and the cache has been disabled. Please check the permissions and owner of that directory. If executing pip with sudo, you may want sudo's -H flag.
The directory '/home/adama/.cache/pip' or its parent directory is not owned by the current user and caching wheels has been disabled. check the permissions and owner of that directory. If executing pip with sudo, you may want sudo's -H flag.
Collecting django-xadmin
  Downloading django-xadmin-0.5.0.tar.gz (1.0MB)
    100% |████████████████████████████████| 1.0MB 506kB/s
Requirement already satisfied: setuptools in /usr/lib/python2.7/dist-packages (from django-xadmin)
Requirement already satisfied: django>=1.5 in /usr/local/lib/python2.7/dist-packages (from django-xadmin)
Requirement already satisfied: django-crispy-forms>=1.4.0 in /usr/local/lib/python2.7/dist-packages (from django-xadmin)
Requirement already satisfied: pytz in /usr/local/lib/python2.7/dist-packages (from django>=1.5->django-xadmin)
Installing collected packages: django-xadmin
  Running setup.py install for django-xadmin ... done
Successfully installed django-xadmin-0.5.0
adama@diengpc ~/Smart> sudo pip2.7 install django-xadmin-extras
The directory '/home/adama/.cache/pip/http' or its parent directory is not owned by the current user and the cache has been disabled. Please check the permissions and owner of that directory. If executing pip with sudo, you may want sudo's -H flag.
The directory '/home/adama/.cache/pip' or its parent directory is not owned by the current user and caching wheels has been disabled. check the permissions and owner of that directory. If executing pip with sudo, you may want sudo's -H flag.
Requirement already satisfied: django-xadmin-extras in /usr/local/lib/python2.7/dist-packages
adama@diengpc ~/Smart> sudo pip2.7 install xadmin
The directory '/home/adama/.cache/pip/http' or its parent directory is not owned by the current user and the cache has been disabled. Please check the permissions and owner of that directory. If executing pip with sudo, you may want sudo's -H flag.
The directory '/home/adama/.cache/pip' or its parent directory is not owned by the current user and caching wheels has been disabled. check the permissions and owner of that directory. If executing pip with sudo, you may want sudo's -H flag.
Requirement already satisfied: xadmin in /usr/local/lib/python2.7/dist-packages
Requirement already satisfied: setuptools in /usr/lib/python2.7/dist-packages (from xadmin)
Requirement already satisfied: django<2.0.0,>=1.9.0 in /usr/local/lib/python2.7/dist-packages (from xadmin)
Requirement already satisfied: django-crispy-forms>=1.6.0 in /usr/local/lib/python2.7/dist-packages (from xadmin)
Requirement already satisfied: django-formtools>=1.0 in /usr/local/lib/python2.7/dist-packages (from xadmin)
Requirement already satisfied: httplib2==0.9.2 in /usr/local/lib/python2.7/dist-packages (from xadmin)
Requirement already satisfied: pytz in /usr/local/lib/python2.7/dist-packages (from django<2.0.0,>=1.9.0->xadmin)
adama@diengpc ~/Smart> ls
=1.6.0  =1.9  Fiware/  xadmin/
adama@diengpc ~/Smart> cd xadmin/
adama@diengpc ~/S/xadmin> ls
changelog.md  changelog.sh*  demo_app/  LICENSE  MANIFEST.in  README.rst  requirements.txt  setup.py  tests/  xadmin/
adama@diengpc ~/S/xadmin> sudo pip install -r requirements.txt
The directory '/home/adama/.cache/pip/http' or its parent directory is not owned by the current user and the cache has been disabled. Please check the permissions and owner of that directory. If executing pip with sudo, you may want sudo's -H flag.
The directory '/home/adama/.cache/pip' or its parent directory is not owned by the current user and caching wheels has been disabled. check the permissions and owner of that directory. If executing pip with sudo, you may want sudo's -H flag.
Collecting django~=1.9.0 (from -r requirements.txt (line 1))
  Downloading Django-1.9.13-py2.py3-none-any.whl (6.6MB)
    100% |████████████████████████████████| 6.6MB 164kB/s
Collecting django-crispy-forms~=1.6.0 (from -r requirements.txt (line 2))
  Downloading django_crispy_forms-1.6.1-py2.py3-none-any.whl (103kB)
    100% |████████████████████████████████| 112kB 851kB/s
Requirement already satisfied: django-import-export>=0.5.1 in /usr/local/lib/python3.5/dist-packages (from -r requirements.txt (line 3))
Requirement already satisfied: django-reversion~=2.0.0 in /usr/local/lib/python3.5/dist-packages (from -r requirements.txt (line 4))
Requirement already satisfied: django-formtools==1.0 in /usr/local/lib/python3.5/dist-packages (from -r requirements.txt (line 5))
Requirement already satisfied: future==0.15.2 in /usr/local/lib/python3.5/dist-packages (from -r requirements.txt (line 6))
Requirement already satisfied: httplib2==0.9.2 in /usr/local/lib/python3.5/dist-packages (from -r requirements.txt (line 7))
Requirement already satisfied: six==1.10.0 in /usr/lib/python3/dist-packages (from -r requirements.txt (line 8))
Requirement already satisfied: tablib in /usr/local/lib/python3.5/dist-packages (from django-import-export>=0.5.1->-r requirements.txt (line 3))
Requirement already satisfied: diff-match-patch in /usr/local/lib/python3.5/dist-packages (from django-import-export>=0.5.1->-r requirements.txt (line 3))
Requirement already satisfied: odfpy in /usr/local/lib/python3.5/dist-packages (from tablib->django-import-export>=0.5.1->-r requirements.txt (line 3))
Requirement already satisfied: openpyxl in /usr/local/lib/python3.5/dist-packages (from tablib->django-import-export>=0.5.1->-r requirements.txt (line 3))
Requirement already satisfied: unicodecsv in /usr/local/lib/python3.5/dist-packages (from tablib->django-import-export>=0.5.1->-r requirements.txt (line 3))
Requirement already satisfied: xlrd in /usr/local/lib/python3.5/dist-packages (from tablib->django-import-export>=0.5.1->-r requirements.txt (line 3))
Requirement already satisfied: xlwt in /usr/local/lib/python3.5/dist-packages (from tablib->django-import-export>=0.5.1->-r requirements.txt (line 3))
Requirement already satisfied: pyyaml in /usr/local/lib/python3.5/dist-packages (from tablib->django-import-export>=0.5.1->-r requirements.txt (line 3))
Requirement already satisfied: jdcal in /usr/local/lib/python3.5/dist-packages (from openpyxl->tablib->django-import-export>=0.5.1->-r requirements.txt (line 3))
Requirement already satisfied: et_xmlfile in /usr/local/lib/python3.5/dist-packages (from openpyxl->tablib->django-import-export>=0.5.1->-r requirements.txt (line 3))
Installing collected packages: django, django-crispy-forms
  Found existing installation: Django 1.10
    Uninstalling Django-1.10:
      Successfully uninstalled Django-1.10
  Found existing installation: django-crispy-forms 1.7.0
    Uninstalling django-crispy-forms-1.7.0:
      Successfully uninstalled django-crispy-forms-1.7.0
Successfully installed django-1.9.13 django-crispy-forms-1.6.1
adama@diengpc ~/S/xadmin> sudo python manage.py collectstatic
python: can't open file 'manage.py': [Errno 2] No such file or directory
adama@diengpc ~/S/xadmin> ls
changelog.md  changelog.sh*  demo_app/  LICENSE  MANIFEST.in  README.rst  requirements.txt  setup.py  tests/  xadmin/
adama@diengpc ~/S/xadmin> ls
changelog.md  changelog.sh*  demo_app/  LICENSE  MANIFEST.in  README.rst  requirements.txt  setup.py  tests/  xadmin/
adama@diengpc ~/S/xadmin> sudo cp -R xadmin/ /usr/local/lib/python2.7/dist-packages
adama@diengpc ~/S/xadmin> sudo pip install -e git+https://github.com/bmihelac/django-import-export.git#egg=django-import-export
The directory '/home/adama/.cache/pip/http' or its parent directory is not owned by the current user and the cache has been disabled. Please check the permissions and owner of that directory. If executing pip with sudo, you may want sudo's -H flag.
The directory '/home/adama/.cache/pip' or its parent directory is not owned by the current user and caching wheels has been disabled. check the permissions and owner of that directory. If executing pip with sudo, you may want sudo's -H flag.
Obtaining django-import-export from git+https://github.com/bmihelac/django-import-export.git#egg=django-import-export
  Cloning https://github.com/bmihelac/django-import-export.git to ./src/django-import-export
Requirement already satisfied: tablib in /usr/local/lib/python3.5/dist-packages (from django-import-export)
Requirement already satisfied: diff-match-patch in /usr/local/lib/python3.5/dist-packages (from django-import-export)
Requirement already satisfied: odfpy in /usr/local/lib/python3.5/dist-packages (from tablib->django-import-export)
Requirement already satisfied: openpyxl in /usr/local/lib/python3.5/dist-packages (from tablib->django-import-export)
Requirement already satisfied: unicodecsv in /usr/local/lib/python3.5/dist-packages (from tablib->django-import-export)
Requirement already satisfied: xlrd in /usr/local/lib/python3.5/dist-packages (from tablib->django-import-export)
Requirement already satisfied: xlwt in /usr/local/lib/python3.5/dist-packages (from tablib->django-import-export)
Requirement already satisfied: pyyaml in /usr/local/lib/python3.5/dist-packages (from tablib->django-import-export)
Requirement already satisfied: jdcal in /usr/local/lib/python3.5/dist-packages (from openpyxl->tablib->django-import-export)
Requirement already satisfied: et_xmlfile in /usr/local/lib/python3.5/dist-packages (from openpyxl->tablib->django-import-export)
Installing collected packages: django-import-export
  Found existing installation: django-import-export 0.5.1
    Uninstalling django-import-export-0.5.1:
      Successfully uninstalled django-import-export-0.5.1
  Running setup.py develop for django-import-export
Successfully installed django-import-export
adama@diengpc ~/S/xadmin>














_____________________________________________________


